4pda.to

habr.com
habrastorage.org

canva-apps.com
canva.com
canva.dev

chatgpt.com
openai.com
oaistatic.com
oaiusercontent.com
chat.com
ai.com
chat.openai.com.cdn.cloudflare.net
gpt3-openai.com
live.net
openai.fund
openai.org
sora.com

a-msedge.net
appcenter.ms
azureedge.net
bing.com
bingapis.com
githubcopilot.com
githubusercontent.com
microsoft.com
microsoftapp.net
windowsupdate.com

adobe.com
adobe.io
adobecc.com
adobecces.com
adobeccstatic.com
adobedtm.com
adobeexchange.com
adobegenuine.com
adobegov.com
adobe-identity.com
adobejanus.com
adobelogin.com
adobeoobe.com
adobeprojectm.com
adobesc.com
adobe-services.com
adobess.com
adobesunbreak.com
adobetag.com
behance.net
ftcdn.net
typekit.com
typekit.net
astockcdn.net
amazonaws.com
cloudfront.net
crashlytics.com
arkoselabs.com

bard.google.com
gemini.google.com
aistudio.google.com
lookerstudio.google.com
notebooklm.google.com
news.google.com
gstatic.com
suggestqueries.google.com
proactivebackend-pa.googleapis.com
alkalicore-pa.clients6.google.com
alkalimakersuite-pa.clients6.google.com
generativelanguage.googleapis.com

api.x.com
grok.com
grok.x.com
x.ai

akamaized.net
byspotify.com
pscdn.co
scdn.co
spoti.fi
spotify-everywhere.com
spotify.com
spotify.design
spotifycdn.com
spotifycdn.net
spotifycharts.com
spotifycodes.com
spotifyforbrands.com
spotifyjobs.com

fast.com
netflix.ca
netflix.com
netflix.com.au
netflix.net
netflixdnstest1.com
netflixdnstest10.com
netflixdnstest2.com
netflixdnstest3.com
netflixdnstest4.com
netflixdnstest5.com
netflixdnstest6.com
netflixdnstest7.com
netflixdnstest8.com
netflixdnstest9.com
netflixinvestor.com
netflixstudios.com
netflixtechblog.com
nflxext.com
nflximg.com
nflximg.net
nflxsearch.net
nflxso.net
nflxvideo.net
onetrust.com

theaudiodb.com
themoviedb.org
tmdb.org
tmdb.com
image.tmdb.org
api.themoviedb.org
tmdb-image-prod.b-cdn.net

autodesk.com
cdn.web-platform.io

anthropic.com
claude.ai
claudeusercontent.com
intercom.io
intercomassets.com
intercomcdn.com
elevenlabs.io
hellonotion.com
notion-media.com
notion-static.com
notion.ai
notion.com
notion.dev
notion.site
notion.so
notionup.com
notionusercontent.com
splunkcloud.com
zendesk.com
sketchup.com
weather.com
