# Все сайты, которые не работают или ограничивают функционал для европейских IP (надо открывать через США, Японию или подобные страны)
aisandbox-pa.googleapis.com
aitestkitchen.withgoogle.com
labs.google
meta.ai

# Российские сайты, которые ограничивают функционал для российских IP
4pda.to
habr.com
habrastorage.org

# Зарубежные сайты, которые ограничивают функционал для российских IP
developer.nvidia.com
web.archive.org

# Adobe
adobe-identity.com
adobe-services.com
adobe.com
adobe.io
adobecc.com
adobecces.com
adobeccstatic.com
adobedtm.com
adobeexchange.com
adobegenuine.com
adobegov.com
adobejanus.com
adobelogin.com
adobeoobe.com
adobeprojectm.com
adobesc.com
adobess.com
adobesunbreak.com
adobetag.com
amazonaws.com
arkoselabs.com
astockcdn.net
behance.net
crashlytics.com
ftcdn.net
typekit.com
typekit.net

# Autosesk
autodesk.com
cdn.web-platform.io
qualtrics.com

# Brawl Stars, Clash Royale, Clash of Clans
brawlstarsgame.com
clashofclans.com
clashroyaleapp.com
squadbustersgame.com
supercell.com

# Canva
canva-apps.com
canva.com
canva.dev

# ChatGPT (OpenAI)
ai.com
auth0.com
chat.com
chat.openai.com.cdn.cloudflare.net
chatgpt.com
gpt3-openai.com
live.net
livekit.cloud
oaistatic.com
oaiusercontent.com
openai.com
openai.fund
openai.org
sora.com

# Claude
anthropic.com
claude.ai
claudeusercontent.com
intercom.io
intercomassets.com
intercomcdn.com

# Elevenlabs
elevenlabs.io
elevenreader.io

# GitHub (Copilot)
api.github.com
githubcopilot.com
githubusercontent.com

# Google AI
ai.google.dev
aistudio.google.com
alkalicore-pa.clients6.google.com
alkalimakersuite-pa.clients6.google.com
apis.google.com
assistant-s3-pa.googleapis.com
bard.google.com
developerprofiles-pa.googleapis.com
gemini.google.com
generativelanguage.googleapis.com
jules.google
jules.google.com
labs.google
labs.google.com
lookerstudio.google.com
notebooklm.google
notebooklm.google.com
o.pki.goog
people-pa.clients6.google.com
proactivebackend-pa.googleapis.com
signaler-pa.clients6.google.com
suggestqueries.google.com
waa-pa.clients6.google.com
webchannel-alkalimakersuite-pa.clients6.google.com

# Grok
grok.com
grok.x.com
x.ai

# Intel
intel.ac
intel.ae
intel.af
intel.ag
intel.ai
intel.ar
intel.at
intel.az
intel.ba
intel.bg
intel.bh
intel.bi
intel.bo
intel.bs
intel.by
intel.ca
intel.cc
intel.cg
intel.ch
intel.cl
intel.cm
intel.cn
intel.co.ae
intel.co.cr
intel.co.id
intel.co.il
intel.co.jp
intel.co.kr
intel.co.uk
intel.co.za
intel.com
intel.com.ar
intel.com.au
intel.com.bo
intel.com.br
intel.com.cn
intel.com.co
intel.com.ec
intel.com.hk
intel.com.jm
intel.com.mx
intel.com.my
intel.com.pe
intel.com.ph
intel.com.pr
intel.com.py
intel.com.tr
intel.com.tw
intel.com.uy
intel.com.ve
intel.cr
intel.cu
intel.cz
intel.de
intel.dk
intel.dz
intel.ec
intel.ee
intel.eg
intel.es
intel.eu
intel.fi
intel.fr
intel.ga
intel.gd
intel.ge
intel.gl
intel.gm
intel.gr
intel.gs
intel.gt
intel.gy
intel.hk
intel.hn
intel.ht
intel.hu
intel.ie
intel.in
intel.io
intel.it
intel.je
intel.jo
intel.jp
intel.ke
intel.la
intel.lc
intel.lk
intel.lt
intel.lu
intel.ly
intel.ma
intel.md
intel.me
intel.mg
intel.mk
intel.mn
intel.mp
intel.mt
intel.mu
intel.mw
intel.mx
intel.my
intel.ng
intel.nl
intel.nu
intel.nz
intel.pa
intel.pe
intel.ph
intel.pl
intel.pn
intel.re
intel.ro
intel.ru
intel.rw
intel.sa
intel.sc
intel.se
intel.sg
intel.si
intel.sk
intel.sn
intel.sr
intel.st
intel.sv
intel.sx
intel.sy
intel.tf
intel.tj
intel.tl
intel.tm
intel.tn
intel.tt
intel.tv
intel.tw
intel.ua
intel.uk
intel.us
intel.uy
intel.uz
intel.vg
intel.vn
intel.vu
intel.wf
intel.yt

# Jetbrains
datalore.io
intellij.com
intellij.net
intellij.org
jb.gg
jetbrains.com
jetbrains.com.cn
jetbrains.dev
jetbrains.net
jetbrains.org
jetbrains.ru
jetbrains.space
jetbrains.team
kotl.in
kotlinconf.com
kotlinlang.org
ktor.io
myjetbrains.com
talkingkotlin.com

# Microsoft
a-msedge.net
appcenter.ms
azureedge.net
bing.com
bingapis.com
copilot.microsoft.com
microsoft.com
microsoftapp.net
windowsupdate.com

# Netflix
fast.com
netflix.ca
netflix.com
netflix.com.au
netflix.net
netflixdnstest1.com
netflixdnstest10.com
netflixdnstest2.com
netflixdnstest3.com
netflixdnstest4.com
netflixdnstest5.com
netflixdnstest6.com
netflixdnstest7.com
netflixdnstest8.com
netflixdnstest9.com
netflixinvestor.com
netflixstudios.com
netflixtechblog.com
nflxext.com
nflximg.com
nflximg.net
nflxsearch.net
nflxso.net
nflxvideo.net
onetrust.com

# Notion
amazonaws.com
hellonotion.com
notion-media.com
notion-static.com
notion.ai
notion.com
notion.dev
notion.site
notion.so
notionup.com
notionusercontent.com
splunkcloud.com
zendesk.com
zendesk.de

# Sentry
getsentry.net
sentry-cdn.com
sentry.dev
sentry.io

# Spotify
akamaized.net
byspotify.com
pscdn.co
scdn.co
spoti.fi
spotify-everywhere.com
spotify.com
spotify.design
spotifycdn.com
spotifycdn.net
spotifycharts.com
spotifycodes.com
spotifyforbrands.com
spotifyjobs.com

# Tidal
onetrust.com
squareup.com
tidal.com

# TMDB
theaudiodb.com
themoviedb.org
tmdb-image-prod.b-cdn.net
tmdb.com
tmdb.org

# Xbox
live.net
xbox.co
xbox.com
xbox.eu
xbox.org
xbox360.co
xbox360.com
xbox360.eu
xbox360.org
xboxab.com
xboxgamepass.com
xboxgamestudios.com
xboxlive.cn
xboxlive.com
xboxone.co
xboxone.com
xboxone.eu
xboxplayanywhere.com
xboxservices.com
xboxstudios.com
xbx.lv

# Остальное
api.workos.com
brave.com
builds.parsec.app
codeium.com
consent.trustarc.com
dell.com
dellcdn.com
ecosia.org
meta.ai
padi.com
preview.reve.art
res.cloudinary.com
sketchup.com
tableau.com
tailscale.com
teamviewer.com
ti.com
truthsocial.com
wbagora.com
wbgames.com
weather.com