#Работает только через американские IP
meta.ai

4pda.to

habr.com
habrastorage.org

canva-apps.com
canva.com
canva.dev

ai.com
chat.com
chat.openai.com.cdn.cloudflare.net
chatgpt.com
gpt3-openai.com
live.net
livekit.cloud
oaistatic.com
oaiusercontent.com
openai.com
openai.fund
openai.org
sora.com

a-msedge.net
appcenter.ms
azureedge.net
bing.com
bingapis.com
githubcopilot.com
githubusercontent.com
microsoft.com
microsoftapp.net
windowsupdate.com

adobe-identity.com
adobe-services.com
adobe.com
adobe.io
adobecc.com
adobecces.com
adobeccstatic.com
adobedtm.com
adobeexchange.com
adobegenuine.com
adobegov.com
adobejanus.com
adobelogin.com
adobeoobe.com
adobeprojectm.com
adobesc.com
adobess.com
adobesunbreak.com
adobetag.com
amazonaws.com
arkoselabs.com
astockcdn.net
behance.net
cloudfront.net
crashlytics.com
ftcdn.net
typekit.com
typekit.net

aistudio.google.com
alkalicore-pa.clients6.google.com
alkalimakersuite-pa.clients6.google.com
bard.google.com
gemini.google.com
generativelanguage.googleapis.com
lookerstudio.google.com
notebooklm.google.com
proactivebackend-pa.googleapis.com
suggestqueries.google.com
webchannel-alkalimakersuite-pa.clients6.google.com
people-pa.clients6.google.com
waa-pa.clients6.google.com

api.x.com
grok.com
grok.x.com
x.ai

akamaized.net
byspotify.com
pscdn.co
scdn.co
spoti.fi
spotify-everywhere.com
spotify.com
spotify.design
spotifycdn.com
spotifycdn.net
spotifycharts.com
spotifycodes.com
spotifyforbrands.com
spotifyjobs.com

fast.com
netflix.ca
netflix.com
netflix.com.au
netflix.net
netflixdnstest1.com
netflixdnstest10.com
netflixdnstest2.com
netflixdnstest3.com
netflixdnstest4.com
netflixdnstest5.com
netflixdnstest6.com
netflixdnstest7.com
netflixdnstest8.com
netflixdnstest9.com
netflixinvestor.com
netflixstudios.com
netflixtechblog.com
nflxext.com
nflximg.com
nflximg.net
nflxsearch.net
nflxso.net
nflxvideo.net
onetrust.com

api.themoviedb.org
image.tmdb.org
theaudiodb.com
themoviedb.org
tmdb-image-prod.b-cdn.net
tmdb.com
tmdb.org

autodesk.com
cdn.web-platform.io
qualtrics.com

anthropic.com
claude.ai
claudeusercontent.com
elevenlabs.io
hellonotion.com
intercom.io
intercomassets.com
intercomcdn.com
notion-media.com
notion-static.com
notion.ai
notion.com
notion.dev
notion.site
notion.so
notionup.com
notionusercontent.com
sketchup.com
splunkcloud.com
weather.com
zendesk.com
