# Все сайты, которые не работают или ограничивают функционал для европейских IP (надо открывать через США, Японию или подобные страны)
aisandbox-pa.googleapis.com
aistudio.google.com
aitestkitchen.withgoogle.com
alkalimakersuite-pa.clients6.google.com
apis.google.com
bard.google.com
gemini.google.com
labs.google
meta.ai
webchannel-alkalimakersuite-pa.clients6.google.com

# Российские сайты, которые ограничивают функционал для российских IP
4pda.ru
4pda.to
4pda.ws
habr.com
habrastorage.org

# Зарубежные сайты, которые ограничивают функционал для российских IP
developer.nvidia.com
web.archive.org

# Twitch (для видео в 1080, но если хотите 1440, то нужно пустить видео через Proxy/VPN используя и другие три домена убрав #)
#gql.twitch.tv
#hls.ttvnw.net
#passport.twitch.tv
usher.ttvnw.net

# Adobe
adobe-identity.com
adobe-services.com
adobe.com
adobe.io
adobecc.com
adobecces.com
adobeccstatic.com
adobedtm.com
adobeexchange.com
adobegenuine.com
adobegov.com
adobejanus.com
adobelogin.com
adobeoobe.com
adobeprojectm.com
adobesc.com
adobess.com
adobesunbreak.com
adobetag.com
amazonaws.com
arkoselabs.com
astockcdn.net
behance.net
crashlytics.com
ftcdn.net
typekit.com
typekit.net

# Autodesk
autodesk.com
cdn.web-platform.io
qualtrics.com

# Basecamp
37signals.com
basecamp.com
basecampapi.com

# Brave
brave.com

# Brawl Stars, Clash Royale, Clash of Clans
brawlstarsgame.com
clashofclans.com
clashroyaleapp.com
squadbustersgame.com
supercell.com

# Canva
canva-apps.com
canva.com
canva.dev

# ChatGPT + Sora
ai.com
auth0.com
chat.com
chat.openai.com.cdn.cloudflare.net
chatgpt.com
gpt3-openai.com
live.net
livekit.cloud
oaistatic.com
oaiusercontent.com
openai.com
openai.fund
openai.org
sora.com

# Claude
anthropic.com
claude.ai
claudeusercontent.com
intercom.io
intercomassets.com
intercomcdn.com

# DeepL
deepl.app
deepl.com
deepl.de
deepl.net

# Deezer
deezer.com
dzcdn.net

# Dell
dell.com
dellcdn.com

# Designer + Copilot (Microsoft)
copilot.microsoft.com
designer.microsoft.com

# Dyson
dyson.ae
dyson.at
dyson.be
dyson.ca
dyson.ch
dyson.cn
dyson.co.kr
dyson.co.nz
dyson.co.uk
dyson.co.za
dyson.com
dyson.com.ar
dyson.com.au
dyson.com.br
dyson.com.sg
dyson.cz
dyson.de
dyson.dk
dyson.es
dyson.fi
dyson.fr
dyson.gr
dyson.hk
dyson.ie
dyson.in
dyson.it
dyson.jp
dyson.mx
dyson.nl
dyson.no
dyson.pl
dyson.pt
dyson.sa
dyson.se
dyson.tw
dyson.us

# ElevenLabs + ElevenReader
elevenlabs.io
elevenreader.io

# Fitbit
api.fitbit.com
fitbit-pa.googleapis.com
fitbit.google.com
fitbitvestibuleshim-pa.googleapis.com

# Google AI
ai.google.dev
aisandbox-pa.googleapis.com
aistudio.google.com
aitestkitchen.withgoogle.com
alkalicore-pa.clients6.google.com
alkalimakersuite-pa.clients6.google.com
apis.google.com
assistant-s3-pa.googleapis.com
bard.google.com
developerprofiles-pa.googleapis.com
gemini.google.com
generativelanguage.googleapis.com
jules.google
jules.google.com
labs.google
labs.google.com
lookerstudio.google.com
notebooklm.google
notebooklm.google.com
o.pki.goog
people-pa.clients6.google.com
proactivebackend-pa.googleapis.com
signaler-pa.clients6.google.com
suggestqueries.google.com
waa-pa.clients6.google.com
webchannel-alkalimakersuite-pa.clients6.google.com

# Grok
grok.com
grok.x.com
x.ai

# Guilded
guilded.gg

# Imgur
api.imgur.com

# Intel
intel.ac
intel.ae
intel.af
intel.ag
intel.ai
intel.ar
intel.at
intel.az
intel.ba
intel.bg
intel.bh
intel.bi
intel.bo
intel.bs
intel.by
intel.ca
intel.cc
intel.cg
intel.ch
intel.cl
intel.cm
intel.cn
intel.co.ae
intel.co.cr
intel.co.id
intel.co.il
intel.co.jp
intel.co.kr
intel.co.uk
intel.co.za
intel.com
intel.com.ar
intel.com.au
intel.com.bo
intel.com.br
intel.com.cn
intel.com.co
intel.com.ec
intel.com.hk
intel.com.jm
intel.com.mx
intel.com.my
intel.com.pe
intel.com.ph
intel.com.pr
intel.com.py
intel.com.tr
intel.com.tw
intel.com.uy
intel.com.ve
intel.cr
intel.cu
intel.cz
intel.de
intel.dk
intel.dz
intel.ec
intel.ee
intel.eg
intel.es
intel.eu
intel.fi
intel.fr
intel.ga
intel.gd
intel.ge
intel.gl
intel.gm
intel.gr
intel.gs
intel.gt
intel.gy
intel.hk
intel.hn
intel.ht
intel.hu
intel.ie
intel.in
intel.io
intel.it
intel.je
intel.jo
intel.jp
intel.ke
intel.la
intel.lc
intel.lk
intel.lt
intel.lu
intel.ly
intel.ma
intel.md
intel.me
intel.mg
intel.mk
intel.mn
intel.mp
intel.mt
intel.mu
intel.mw
intel.mx
intel.my
intel.ng
intel.nl
intel.nu
intel.nz
intel.pa
intel.pe
intel.ph
intel.pl
intel.pn
intel.re
intel.ro
intel.ru
intel.rw
intel.sa
intel.sc
intel.se
intel.sg
intel.si
intel.sk
intel.sn
intel.sr
intel.st
intel.sv
intel.sx
intel.sy
intel.tf
intel.tj
intel.tl
intel.tm
intel.tn
intel.tt
intel.tv
intel.tw
intel.ua
intel.uk
intel.us
intel.uy
intel.uz
intel.vg
intel.vn
intel.vu
intel.wf
intel.yt

# Jetbrains
jetbrains.com

# Kaleido
designify.com
kaleido.ai
remove.bg
unscreen.com

# Make
make.com

# Manus
api.manus.im

# Naukri
naukimg.com
naukri.com

# Netflix
fast.com
netflix.ca
netflix.com
netflix.com.au
netflix.net
netflixdnstest1.com
netflixdnstest10.com
netflixdnstest2.com
netflixdnstest3.com
netflixdnstest4.com
netflixdnstest5.com
netflixdnstest6.com
netflixdnstest7.com
netflixdnstest8.com
netflixdnstest9.com
netflixinvestor.com
netflixstudios.com
netflixtechblog.com
nflxext.com
nflximg.com
nflximg.net
nflxsearch.net
nflxso.net
nflxvideo.net
onetrust.com

# Notion
amazonaws.com
hellonotion.com
notion-media.com
notion-static.com
notion.ai
notion.com
notion.dev
notion.site
notion.so
notionup.com
notionusercontent.com
splunkcloud.com
zendesk.com
zendesk.de

# Parsec
builds.parsec.app

# Reve
preview.reve.art

# SketchUp
sketchup.com

# Spotify
akamaized.net
byspotify.com
pscdn.co
scdn.co
spoti.fi
spotify-everywhere.com
spotify.com
spotify.design
spotifycdn.com
spotifycdn.net
spotifycharts.com
spotifycodes.com
spotifyforbrands.com
spotifyjobs.com

# Strava
strava.com

# Tableau
tableau.com

# Tailscale
tailscale.com

# TeamViewer
dl.teamviewer.com
download.teamviewer.com

# Tidal
onetrust.com
squareup.com
tidal.com

# TMDB
theaudiodb.com
themoviedb.org
tmdb-image-prod.b-cdn.net
tmdb.com
tmdb.org

# Truth Social
truthsocial.com

# WB Games
wbagora.com
wbgames.com

# Weather.com
weather.com

# Web Archive
web.archive.org

# Windsurf
codeium.com
windsurf.com

# WorkOS
api.workos.com

# Xbox
auth.xboxlive.com
edgeservices.bing.com
gssv-play-prod.xboxlive.com
rewards.bing.com
sydney.bing.com
xboxdesignlab.xbox.com

# Zapier
zapier-deployment.com
zapier.com

# Остальное
2407.pl
6pm.com
8chan.moe
abercrombie.com
activestate.com
acurapartswarehouse.com
adafruit.com
adam-audio.com
adidas.com
agar.io
airbrake.io
alberta.ca
alienwarearena.com
alltrails.com
alphacoders.com
altaro.com
alza.hu
amazfitwatchfaces.com
amazon.com
amd.com
amplitude.com
analog.com
andrevi.ch
angryemailtranslator.com
annimon.com
ansys.com
anythingllm.com
apiary.io
aplawrence.com
apple.com
atlassian.com
att.com
atwiki.jp
augmentcode.com
av-connection.com
avcdn.net
b-cdn.net
bacch.com
battle.net
beacon3d.com
bell-sw.com
bestbuy.com
bing.com
bitdefender.com
bitnami.com
blackfriday.com
blinkshot.io
blizzardwatch.com
bluesky-soft.com
blur.io
boosteroid.com
bosch-home.com
bosch.com
bosch.de
boschaftermarket.com
boschautoparts.com
bradyid.com
bricklink.com
broadcom.com
broccolionline.jp
broncosportforum.com
btod.com
buanzo.org
buf.build
buymeacoffee.com
by.me
cambiumnetworks.com
capacitorjs.com
capcut.com
carrefouruae.com
cats.com
cdromance.org
cdw.com
census.gov
certifytheweb.com
cesium.com
chaos.com
chatfuel.com
cici.com
cisco.com
cisecurity.org
citrix.com
clamav.net
clarabridge.net
clevelandclinic.org
clickup.com
cloudflare.net
cmems-du.eu
co.nz
cocalc.com
codebrowser.dev
cohere.com
coingate.com
com.ua
consent.trustarc.com
contabo.com
copernicus.eu
corsair.com
cpu-monkey.com
credly.com
crowdstrike.com
crunchbase.com
crunchyroll.com
cvedetails.com
cybersecurity-help.cz
daemon-tools.cc
darkproject.eu
databricks.com
dating.com
daz3d.com
deepsource.com
deepsource.io
devart.com
devexpress.com
devops.com
dice.com
dickssportinggoods.com
diffblue.com
digikey.com
digitalcontent.sky
disctech.com
disneyplus.com
dnb.com
docker.io
ducati.com
e-hentai.org
easyjet.com
ecosia.org
elastic.co
element14.com
elgiganten.se
engagor.com
entrust.com
epicgames.com
etsy.com
extremetech.com
f1.com
familysearch.org
fanatical.com
fastflux.ai
fastspring.com
filebin.net
findagrave.com
flexpool.io
flir.com
flir.eu
flourish.studio
fls.guru
fluke.com
flukenetworks.com
flyertalk.com
fncstatic.com
force-user-content.com
force.com
formula1.com
fortiguard.com
fortinet.com
fotoforensics.com
foxnews.com
framer.com
freeimages.com
freemyip.com
fujitsu.com
futurelearn.com
fxnetworks.com
g2a.com
g711.org
gambody.com
game.co.uk
gameloft.com
gamestop.com
geforcenow.com
genspark.ai
geospy.ai
getoutline.com
getsafeonline.org
gfn.am
ghidra-sre.org
githubcopilot.com
githubusercontent.com
gitlab.com
glpals.com
gofundme.com
google.dev
gov.ua
gpsonextra.net
gpu-monkey.com
grafana.com
grammarly.com
graylog.org
grazie.ai
groq.com
groupon.com
grouponcdn.com
hashicorp.com
hashkey.com
haydaygame.com
hbomax.com
healthline.com
heroku.com
herokucdn.com
hex-rays.com
hollisterco.com
home-connect.cn
home-connect.com
hostinger.com
hotels.com
hpe.com
htmhell.dev
humblebundle.com
hume.ai
hybrid-analysis.com
hyundainews.com
iaai.com
ibm.com
icd10data.com
idtech.services
iherb.com
ikea.com
imagecache365.com
imgur.com
indeed.com
infineon.com
informit.com
insanelymac.com
insideevs.com
intellij.net
intellipaat.com
intuitibits.com
iperf3serverlist.net
itninja.com
jabra.com
jamf.com
jetbrains.ai
jetbrains.space
joesandbox.com
joyreactor.cc
jsfiddle.net
keepgrowing.in
keepsolid.com
kemono.su
keysight.com
kinogo.la
klaviyo.com
kmail-lists.com
kowalski7cc.xyz
kroger.com
lambdalabs.com
langdock.com
ldoceonline.com
leica-geosystems.com
lenso.ai
letyshops.com
lidarr.audio
lifehacker.com
lightburnsoftware.com
lightning.ai
linuxiac.com
lipstickalley.com
liquibase.com
liquidsky.com
llamameta.net
logo.com
lowes.com
m3u.in
macpaw.com
macvendors.com
mailinator.com
malwarebytes.com
malwarebytes.org
manus.cdn
manus.im
marvelsnap.com
matrix.org
mattermost.com
max.com
maximintegrated.com
mbamupdates.com
mbed.com
medicalnewstoday.com
meest-shop.com
megogo.net
meraki.com
meshcapade.com
meta.com
metademolab.com
metopera.org
michaelkors.global
microchip.com
microsoft.com
middlewareinventory.com
militarnyi.com
mixcloud.com
moneypuck.com
mongodb.com
mongodb.net
monoprice.com
monotype.com
monotypefonts.com
monster.ie
mouser.com
mouser.fi
msn.com
mssg.me
myfonts.com
myheritage.com
myjetbrains.com
myprepaidcenter.com
myrotvorets.center
nba.com
neo4j.com
netgate.com
netlify.com
newark.com
nfl.com
ngrok.com
nike.com
nitropdf.com
nordaccount.com
nordcdn.com
nordvpn.com
norton.com
notion.new
nxp.com
oasis.app
oclc.org
ocstore.com
octopart-clicks.com
octopart.com
octostatic.com
oculus.com
omnissa.com
omv-extras.org
onfastspring.com
onshape.com
openculture.com
opus.pro
oracle.com
oraclecloud.com
ottg.app
outflank.nl
padi.com
pandasecurity.com
paraswap.io
parsec.app
parts-express.com
pcbway.com
pcgamesn.com
pcmag.com
penguin.com
penguinrandomhouse.com
perforce.com
peter-tanner.com
pexels.com
philscomputerlab.com
phishtank.com
photonengine.com
pimeyes.com
pinata.cloud
pingdom.com
pixabay.com
plugin-alliance.com
plugshare.com
pluralsight.com
pny.com
porsche.com
premierleague.com
primevideo.com
promods.net
prowlarr.com
ptc.com
pulselive.com
pump.fun
qaweb.dev
qcad.org
qobuz.com
qt.io
qualcomm.com
quicknode.com
radarr.video
ratatype.com
raycast-releases.com
raycast.com
razer.com
reactflow.dev
readdle.com
readybot.io
recraft.ai
redis.com
redis.io
refinitiv.com
reka.ai
remna.st
res.cloudinary.com
research.net
resp.app
reve.art
reverb.com
ruckuswireless.com
salesforce-experience.com
salesforce-hub.com
salesforce-scrt.com
salesforce-setup.com
salesforce-sites.com
salesforce.com
salesforceiq.com
salesforceliveagent.com
samsclub.com
sap.com
sbom.sh
schaeffler.com
schenker-tech.de
screamingfrog.co.uk
sdxcentral.com
seconddinnertech.com
securitytrails.com
seekvectorlogo.net
semrush.com
sendy.jp
sentry.io
sephora.com
serato.com
serialcart.com
serif.com
servarr.com
serverkast.com
setapp.com
sfdcopens.com
shiksha.com
shinyhardware.co.uk
showtime.com
siemens.com
singlekey-id.com
site.com
sky.com
skycdp.com
skyshowtime.com
slideshare.net
smartbear.co
smartbear.com
smartdeploy.com
snort.org
snyk.io
soapui.org
solarwinds.com
sophos.com
spacelift.io
spiceworks.com
spitfireaudio.com
splunk.com
st.com
stalker2.com
steamidfinder.com
steganos.com
stereophile.com
stockx.com
studychat.app
summerana.com
surveymonkey.com
swagger.io
syncfusion.com
synoforum.com
sysdig.com
systemtek.co.uk
talosintelligence.com
target.com
te.com
teamviewer.com
techbargains.com
telemetr.io
templatemonster.com
tempmail.plus
tenable.com
terraform.io
teslasoft.org
thesassway.com
thinkpads.com
thomas-krenn.com
ti.com
tiktok.com
tiktokv.com
timberland.com
timberland.de
tommy.com
torrenteditor.com
trailblazer.me
trailhead.com
tria.ge
trionworlds.com
tsmc.com
ttvnw.net
ttwstatic.com
tutanota.com
tvn24.pl
twitch.tv
typing.com
uaudio.com
ubi.com
ubnt.com
ultimaker.com
ultraedit.com
undress.cc
upwork.com
vagrantcloud.com
vaio.com
vans.com
vans.de
vans.fr
vans.it
vans.nl
vans.se
vectorworks.net
veeam.com
veritas.com
viperatech.com
vmware.com
volkswagen-classic-parts.com
vpnunlimited.com
vyos.io
wakanim.tv
walletconnect.com
walmart.com
watchguard.com
watermarkremover.io
wdfiles.com
we.tl
web-platform.io
webex.com
webnames.ca
webscraper.io
weebly.com
wellfound.com
wetransfer.com
widgetapp.stream
wikidot.com
windguru.cz
wk.cz
wonderclub.com
wpengine.com
wunderground.com
xbox.com
xboxlive.com
xerox.com
xfantazy.com
xmg.gg
xtracloud.net
yeggi.com
yithemes.com
yourdictionary.com
youtrack.cloud
zedge.net
zerossl.com
zetalliance.org
zf.com
zoosk.com